// Jest Snapshot v1, https://goo.gl/fbAQLP

exports[`Toggle States 1`] = `
<body>
  <div>
    <div
      class="controls panel"
    >
      <button
        class="toggle-btn"
      >
        Lock Gate
      </button>
      <button
        class="toggle-btn"
      >
        Open Gate
      </button>
    </div>
  </div>
</body>
`;
